              0 Event messages
              4 Stream beginning messages
              4 Stream end messages
              0 Packet beginning messages
              0 Packet end messages
              0 Discarded event messages
              0 Discarded packet messages
              0 Message iterator inactivity messages
              8 messages (TOTAL)
