event_4: { pf_1 = 0 }
event_4: { pf_1 = 0 }
event_4: { pf_1 = 0 }
